{"synthetic": false,
 "schemaVersion": "2025-09-10",
 "outputs":
 {"o": ["5cf55e21704cea9a.olean"],
  "i": "1d79b1626c4b9778.ilean",
  "c": "89a631aadc893453.c"},
 "log":
 [{"message":
   ".> LEAN_PATH=/mnt/f/projects/reap-new-update-model/lean-v2/.lake/build/lib/lean /home/zhai/lean428/lean/bin/lean /mnt/f/projects/reap-new-update-model/lean-v2/src/v2.lean -o /mnt/f/projects/reap-new-update-model/lean-v2/.lake/build/lib/lean/v2.olean -i /mnt/f/projects/reap-new-update-model/lean-v2/.lake/build/lib/lean/v2.ilean -c /mnt/f/projects/reap-new-update-model/lean-v2/.lake/build/ir/v2.c --setup /mnt/f/projects/reap-new-update-model/lean-v2/.lake/build/ir/v2.setup.json --json",
   "level": "trace"}],
 "inputs":
 [["v2:deps",
   [["deps",
     [["v2proj/v2:extraDep", [["@v2proj:extraDep", "00000000000006bb"]]],
      ["imports",
       [["v2.Effect transitive imports (legacy)", "00000000000006bb"],
        ["v2.Effect:importAllArts", "5d203c05e57ff7c3"],
        ["v2.MCTS transitive imports (legacy)", "229dbb3a8af83501"],
        ["v2.MCTS:importAllArts", "4f8c17fe23c9017f"],
        ["v2.MultiTurn transitive imports (legacy)", "a10a10313e9019ce"],
        ["v2.MultiTurn:importAllArts", "aa3e2ceb3ad71dd0"]]]]],
    ["libs",
     [["import dynlibs", "00000000000006bb"],
      ["package external libraries", "00000000000006bb"],
      ["module dynlibs", "00000000000006bb"],
      ["module plugins", "00000000000006bb"]]]]],
  ["Lean 4.28.0, commit 3b0f2862196c6a8af9eb0025ee650252694013dd",
   "612345b87aa96642"],
  ["/mnt/f/projects/reap-new-update-model/lean-v2/src/v2.lean",
   "6ba1607b9b96a3c0"],
  ["options", "00000000000006bb"],
  ["Module.leanArgs: #[]", "00000000000006bb"]],
 "depHash": "0e9c5a509fac7566"}