{"synthetic": false,
 "schemaVersion": "2025-09-10",
 "outputs":
 {"o": ["038810590a7b520b.olean"],
  "i": "64432418169ddfb5.ilean",
  "c": "20fb65a851eb11c8.c"},
 "log":
 [{"message":
   ".> LEAN_PATH=/mnt/f/projects/reap-new-update-model/lean-v2/.lake/build/lib/lean /home/zhai/lean428/lean/bin/lean /mnt/f/projects/reap-new-update-model/lean-v2/src/v2/Effect.lean -o /mnt/f/projects/reap-new-update-model/lean-v2/.lake/build/lib/lean/v2/Effect.olean -i /mnt/f/projects/reap-new-update-model/lean-v2/.lake/build/lib/lean/v2/Effect.ilean -c /mnt/f/projects/reap-new-update-model/lean-v2/.lake/build/ir/v2/Effect.c --setup /mnt/f/projects/reap-new-update-model/lean-v2/.lake/build/ir/v2/Effect.setup.json --json",
   "level": "trace"}],
 "inputs":
 [["v2.Effect:deps",
   [["deps",
     [["v2proj/v2:extraDep", [["@v2proj:extraDep", "00000000000006bb"]]],
      ["imports", "00000000000006bb"]]],
    ["libs",
     [["import dynlibs", "00000000000006bb"],
      ["package external libraries", "00000000000006bb"],
      ["module dynlibs", "00000000000006bb"],
      ["module plugins", "00000000000006bb"]]]]],
  ["Lean 4.28.0, commit 3b0f2862196c6a8af9eb0025ee650252694013dd",
   "612345b87aa96642"],
  ["/mnt/f/projects/reap-new-update-model/lean-v2/src/v2/Effect.lean",
   "b7e6cbd7e2c2920e"],
  ["options", "00000000000006bb"],
  ["Module.leanArgs: #[]", "00000000000006bb"]],
 "depHash": "7227d0db3770b199"}