{"synthetic": false,
 "schemaVersion": "2025-09-10",
 "outputs":
 {"o": ["2e14fd67a165719d.olean"],
  "i": "f18a47e8f293b3e3.ilean",
  "c": "d8b36f8381cbd7d2.c"},
 "log":
 [{"message":
   ".> LEAN_PATH=/mnt/f/projects/reap-new-update-model/lean-v2/.lake/build/lib/lean /home/zhai/lean428/lean/bin/lean /mnt/f/projects/reap-new-update-model/lean-v2/src/v2/MCTS.lean -o /mnt/f/projects/reap-new-update-model/lean-v2/.lake/build/lib/lean/v2/MCTS.olean -i /mnt/f/projects/reap-new-update-model/lean-v2/.lake/build/lib/lean/v2/MCTS.ilean -c /mnt/f/projects/reap-new-update-model/lean-v2/.lake/build/ir/v2/MCTS.c --setup /mnt/f/projects/reap-new-update-model/lean-v2/.lake/build/ir/v2/MCTS.setup.json --json",
   "level": "trace"}],
 "inputs":
 [["v2.MCTS:deps",
   [["deps",
     [["v2proj/v2:extraDep", [["@v2proj:extraDep", "00000000000006bb"]]],
      ["imports",
       [["v2.Effect transitive imports (legacy)", "00000000000006bb"],
        ["v2.Effect:importAllArts", "5d203c05e57ff7c3"]]]]],
    ["libs",
     [["import dynlibs", "00000000000006bb"],
      ["package external libraries", "00000000000006bb"],
      ["module dynlibs", "00000000000006bb"],
      ["module plugins", "00000000000006bb"]]]]],
  ["Lean 4.28.0, commit 3b0f2862196c6a8af9eb0025ee650252694013dd",
   "612345b87aa96642"],
  ["/mnt/f/projects/reap-new-update-model/lean-v2/src/v2/MCTS.lean",
   "ced91c16b2e10ecb"],
  ["options", "00000000000006bb"],
  ["Module.leanArgs: #[]", "00000000000006bb"]],
 "depHash": "b9d0e090e9d0e023"}