{"synthetic": false,
 "schemaVersion": "2025-09-10",
 "outputs":
 {"o": ["2e21825300c5ed45.olean"],
  "i": "24735f2f2b31eaa8.ilean",
  "c": "821502bd94269e01.c"},
 "log":
 [{"message":
   ".> LEAN_PATH=/mnt/f/projects/reap-new-update-model/lean-v2/.lake/build/lib/lean /home/zhai/lean428/lean/bin/lean /mnt/f/projects/reap-new-update-model/lean-v2/src/v2/MultiTurn.lean -o /mnt/f/projects/reap-new-update-model/lean-v2/.lake/build/lib/lean/v2/MultiTurn.olean -i /mnt/f/projects/reap-new-update-model/lean-v2/.lake/build/lib/lean/v2/MultiTurn.ilean -c /mnt/f/projects/reap-new-update-model/lean-v2/.lake/build/ir/v2/MultiTurn.c --setup /mnt/f/projects/reap-new-update-model/lean-v2/.lake/build/ir/v2/MultiTurn.setup.json --json",
   "level": "trace"}],
 "inputs":
 [["v2.MultiTurn:deps",
   [["deps",
     [["v2proj/v2:extraDep", [["@v2proj:extraDep", "00000000000006bb"]]],
      ["imports",
       [["v2.MCTS transitive imports (legacy)", "229dbb3a8af83501"],
        ["v2.MCTS:importAllArts", "4f8c17fe23c9017f"]]]]],
    ["libs",
     [["import dynlibs", "00000000000006bb"],
      ["package external libraries", "00000000000006bb"],
      ["module dynlibs", "00000000000006bb"],
      ["module plugins", "00000000000006bb"]]]]],
  ["Lean 4.28.0, commit 3b0f2862196c6a8af9eb0025ee650252694013dd",
   "612345b87aa96642"],
  ["/mnt/f/projects/reap-new-update-model/lean-v2/src/v2/MultiTurn.lean",
   "60fd26bb12939256"],
  ["options", "00000000000006bb"],
  ["Module.leanArgs: #[]", "00000000000006bb"]],
 "depHash": "3af5c0adc66ae0f2"}